Incomplete chain for CA de Certificados SSL EV www.manaria.eus 1d94f10d7dda98d257188b794b882346 &{[] <nil> 0 {0 0}}
Processed Certificate Type: EV
Certificate Errors: 5
  Priority: Error, Message: Certificate contains no Authority Info Access Issuers
  Priority: Warning, Message: Certificate contains unknown extension (2.5.29.18)
  Priority: Error, Message: localityName is required for EV certificates
  Priority: Error, Message: localityName or stateOrProvinceName is required if organizationName is set
  Priority: Info, Message: commonName field is deprecated
